classic_12.wav
classic_136.wav
classic_216.wav
classic_237.wav
classic_257.wav
classic_310.wav
classic_321.wav
classic_34.wav
classic_68.wav
classic_83.wav
classic_92.wav
ha_139.wav
ha_172.wav
ha_18.wav
ha_183.wav
ha_197.wav
ha_216.wav
ha_288.wav
ha_3.wav
ha_332.wav
ha_54.wav
ha_92.wav
rock_100.wav
rock_118.wav
rock_144.wav
rock_151.wav
rock_196.wav
rock_241.wav
rock_295.wav
rock_313.wav
rock_333.wav
rock_5.wav
rndy_d2st_free_3_clean.wav
rndy_d2st_bar_0_clean.wav
rndy_d2st_bar_1_clean.wav
rndy_d2st_bar_2_clean.wav
rndy_d2st_bar_3_clean.wav
rndy_d2st_free_1_clean.wav
rndy_d2st_free_2_clean.wav
rndy_d2st_free_4_clean.wav
rndy_d4st_bar_0_clean.wav
rndy_d4st_bar_2_clean.wav
rndy_d4st_free_0_clean.wav
rndy_d4st_free_3_clean.wav
rndy_d4st_free_4_clean.wav
rndy_d4st_free_5_clean.wav
rndy_d6st_bar_0_clean.wav
rndy_d6st_bar_1_clean.wav
rndy_d6st_bar_3_clean.wav
rndy_d6st_free_0_clean.wav
rndy_d6st_free_1_clean.wav
rndy_d6st_free_2_clean.wav
rndy_d6st_free_3_clean.wav
rndy_d6st_free_4_clean.wav
rndy_d4st_chair_1_clean.wav
rndy_d4st_chair_2_clean.wav
rndy_d4st_chair_4_clean.wav
rndy_d4st_chair_5_clean.wav
rndy_d4st_chair_6_clean.wav
rndy_d6st_chair_0_clean.wav
rndy_d6st_chair_1_clean.wav
rndy_d6st_chair_2_clean.wav
rndy_d6st_chair_3_clean.wav
rndy_d6st_chair_4_clean.wav
rndy_d6st_chair_5_clean.wav
