classic_180.wav
classic_181.wav
classic_182.wav
classic_183.wav
classic_184.wav
classic_185.wav
classic_186.wav
classic_187.wav
classic_188.wav
classic_189.wav
classic_19.wav
classic_190.wav
classic_191.wav
classic_192.wav
classic_193.wav
classic_194.wav
classic_195.wav
classic_50.wav
classic_51.wav
classic_52.wav
classic_53.wav
classic_54.wav
classic_56.wav
classic_57.wav
classic_58.wav
classic_59.wav
classic_6.wav
classic_60.wav
classic_61.wav
classic_62.wav
classic_63.wav
classic_64.wav
classic_65.wav
classic_67.wav
classic_69.wav
classic_7.wav
classic_70.wav
classic_71.wav
classic_72.wav
classic_73.wav
classic_74.wav
classic_75.wav
classic_76.wav
classic_77.wav
classic_78.wav
classic_79.wav
classic_8.wav
classic_80.wav
classic_81.wav
classic_111.wav
classic_128.wav
classic_144.wav
classic_160.wav
classic_18.wav
classic_196.wav
classic_211.wav
classic_228.wav
classic_244.wav
classic_260.wav
classic_277.wav
classic_293.wav
classic_33.wav
classic_5.wav
classic_66.wav
classic_82.wav
classic_84.wav
classic_85.wav
classic_86.wav
classic_87.wav
classic_88.wav
classic_89.wav
classic_9.wav
classic_90.wav
classic_91.wav
classic_93.wav
classic_94.wav
classic_95.wav
classic_96.wav
classic_97.wav
classic_98.wav
classic_99.wav
classic_1.wav
classic_10.wav
classic_100.wav
classic_101.wav
classic_102.wav
classic_103.wav
classic_104.wav
classic_105.wav
classic_106.wav
classic_107.wav
classic_108.wav
classic_109.wav
classic_11.wav
classic_110.wav
classic_112.wav
classic_113.wav
classic_114.wav
classic_115.wav
classic_116.wav
classic_117.wav
classic_118.wav
classic_119.wav
classic_120.wav
classic_121.wav
classic_123.wav
classic_124.wav
classic_125.wav
classic_126.wav
classic_127.wav
classic_129.wav
classic_13.wav
classic_130.wav
classic_131.wav
classic_132.wav
classic_133.wav
classic_134.wav
classic_135.wav
classic_137.wav
classic_138.wav
classic_139.wav
classic_14.wav
classic_140.wav
classic_141.wav
classic_142.wav
classic_143.wav
classic_145.wav
classic_146.wav
classic_147.wav
classic_148.wav
classic_149.wav
classic_15.wav
classic_150.wav
classic_151.wav
classic_152.wav
classic_153.wav
classic_154.wav
classic_155.wav
classic_156.wav
classic_157.wav
classic_158.wav
classic_159.wav
classic_16.wav
classic_161.wav
classic_162.wav
classic_163.wav
classic_164.wav
classic_165.wav
classic_166.wav
classic_167.wav
classic_168.wav
classic_169.wav
classic_17.wav
classic_170.wav
classic_171.wav
classic_172.wav
classic_173.wav
classic_174.wav
classic_175.wav
classic_176.wav
classic_177.wav
classic_178.wav
classic_179.wav
classic_35.wav
classic_36.wav
classic_37.wav
classic_38.wav
classic_39.wav
classic_4.wav
classic_40.wav
classic_41.wav
classic_42.wav
classic_43.wav
classic_44.wav
classic_45.wav
classic_46.wav
classic_47.wav
classic_48.wav
classic_49.wav
classic_198.wav
classic_199.wav
classic_2.wav
classic_20.wav
classic_200.wav
classic_201.wav
classic_202.wav
classic_203.wav
classic_204.wav
classic_205.wav
classic_206.wav
classic_207.wav
classic_208.wav
classic_209.wav
classic_21.wav
classic_210.wav
classic_212.wav
classic_213.wav
classic_214.wav
classic_215.wav
classic_217.wav
classic_218.wav
classic_219.wav
classic_22.wav
classic_220.wav
classic_221.wav
classic_222.wav
classic_223.wav
classic_224.wav
classic_225.wav
classic_226.wav
classic_227.wav
classic_229.wav
classic_23.wav
classic_230.wav
classic_231.wav
classic_232.wav
classic_233.wav
classic_234.wav
classic_235.wav
classic_236.wav
classic_238.wav
classic_239.wav
classic_24.wav
classic_240.wav
classic_241.wav
classic_242.wav
classic_243.wav
classic_245.wav
classic_246.wav
classic_247.wav
classic_248.wav
classic_249.wav
classic_25.wav
classic_250.wav
classic_251.wav
classic_252.wav
classic_253.wav
classic_254.wav
classic_255.wav
classic_256.wav
classic_258.wav
classic_259.wav
classic_26.wav
classic_261.wav
classic_262.wav
classic_263.wav
classic_264.wav
classic_265.wav
classic_266.wav
classic_267.wav
classic_268.wav
classic_269.wav
classic_27.wav
classic_270.wav
classic_271.wav
classic_272.wav
classic_273.wav
classic_274.wav
classic_275.wav
classic_276.wav
classic_278.wav
classic_279.wav
classic_28.wav
classic_280.wav
classic_281.wav
classic_282.wav
classic_284.wav
classic_285.wav
classic_286.wav
classic_287.wav
classic_288.wav
classic_289.wav
classic_29.wav
classic_290.wav
classic_291.wav
classic_292.wav
classic_294.wav
classic_295.wav
classic_296.wav
classic_297.wav
classic_298.wav
classic_299.wav
classic_3.wav
classic_30.wav
classic_300.wav
classic_301.wav
classic_302.wav
classic_303.wav
classic_304.wav
classic_305.wav
classic_306.wav
classic_307.wav
classic_308.wav
classic_309.wav
classic_31.wav
classic_311.wav
classic_312.wav
classic_313.wav
classic_314.wav
classic_315.wav
classic_316.wav
classic_317.wav
classic_318.wav
classic_319.wav
classic_32.wav
classic_320.wav
ha_1.wav
ha_10.wav
ha_100.wav
ha_101.wav
ha_102.wav
ha_103.wav
ha_104.wav
ha_105.wav
ha_106.wav
ha_107.wav
ha_108.wav
ha_109.wav
ha_11.wav
ha_110.wav
ha_111.wav
ha_112.wav
ha_113.wav
ha_114.wav
ha_115.wav
ha_116.wav
ha_263.wav
ha_264.wav
ha_265.wav
ha_266.wav
ha_268.wav
ha_269.wav
ha_27.wav
ha_270.wav
ha_271.wav
ha_272.wav
ha_273.wav
ha_274.wav
ha_275.wav
ha_276.wav
ha_277.wav
ha_278.wav
ha_279.wav
ha_28.wav
ha_5.wav
ha_50.wav
ha_51.wav
ha_52.wav
ha_53.wav
ha_55.wav
ha_56.wav
ha_57.wav
ha_58.wav
ha_6.wav
ha_60.wav
ha_61.wav
ha_62.wav
ha_63.wav
ha_64.wav
ha_65.wav
ha_66.wav
ha_67.wav
ha_68.wav
ha_69.wav
ha_7.wav
ha_70.wav
ha_71.wav
ha_72.wav
ha_73.wav
ha_75.wav
ha_76.wav
ha_77.wav
ha_78.wav
ha_8.wav
ha_80.wav
ha_81.wav
ha_82.wav
ha_83.wav
ha_84.wav
ha_85.wav
ha_86.wav
ha_87.wav
ha_88.wav
ha_89.wav
ha_9.wav
ha_90.wav
ha_91.wav
ha_93.wav
ha_94.wav
ha_95.wav
ha_96.wav
ha_97.wav
ha_98.wav
ha_99.wav
ha_118.wav
ha_119.wav
ha_12.wav
ha_120.wav
ha_122.wav
ha_123.wav
ha_124.wav
ha_125.wav
ha_126.wav
ha_127.wav
ha_128.wav
ha_129.wav
ha_13.wav
ha_130.wav
ha_131.wav
ha_132.wav
ha_133.wav
ha_134.wav
ha_117.wav
ha_135.wav
ha_153.wav
ha_171.wav
ha_19.wav
ha_208.wav
ha_225.wav
ha_244.wav
ha_262.wav
ha_280.wav
ha_299.wav
ha_324.wav
ha_329.wav
ha_333.wav
ha_49.wav
ha_59.wav
ha_79.wav
ha_136.wav
ha_137.wav
ha_138.wav
ha_14.wav
ha_140.wav
ha_141.wav
ha_142.wav
ha_143.wav
ha_144.wav
ha_145.wav
ha_146.wav
ha_147.wav
ha_148.wav
ha_149.wav
ha_15.wav
ha_150.wav
ha_151.wav
ha_152.wav
ha_154.wav
ha_155.wav
ha_156.wav
ha_157.wav
ha_158.wav
ha_159.wav
ha_16.wav
ha_160.wav
ha_161.wav
ha_162.wav
ha_163.wav
ha_164.wav
ha_165.wav
ha_166.wav
ha_167.wav
ha_168.wav
ha_169.wav
ha_17.wav
ha_170.wav
ha_30.wav
ha_300.wav
ha_301.wav
ha_302.wav
ha_303.wav
ha_304.wav
ha_305.wav
ha_306.wav
ha_307.wav
ha_308.wav
ha_309.wav
ha_31.wav
ha_310.wav
ha_311.wav
ha_312.wav
ha_313.wav
ha_314.wav
ha_315.wav
ha_316.wav
ha_317.wav
ha_318.wav
ha_319.wav
ha_32.wav
ha_320.wav
ha_321.wav
ha_322.wav
ha_323.wav
ha_173.wav
ha_174.wav
ha_175.wav
ha_176.wav
ha_177.wav
ha_178.wav
ha_179.wav
ha_180.wav
ha_181.wav
ha_182.wav
ha_184.wav
ha_185.wav
ha_186.wav
ha_187.wav
ha_188.wav
ha_189.wav
ha_190.wav
ha_191.wav
ha_192.wav
ha_193.wav
ha_194.wav
ha_195.wav
ha_196.wav
ha_198.wav
ha_199.wav
ha_2.wav
ha_20.wav
ha_200.wav
ha_201.wav
ha_202.wav
ha_203.wav
ha_204.wav
ha_205.wav
ha_206.wav
ha_207.wav
ha_209.wav
ha_21.wav
ha_210.wav
ha_211.wav
ha_212.wav
ha_213.wav
ha_214.wav
ha_215.wav
ha_217.wav
ha_218.wav
ha_219.wav
ha_22.wav
ha_220.wav
ha_221.wav
ha_222.wav
ha_223.wav
ha_224.wav
ha_227.wav
ha_228.wav
ha_229.wav
ha_23.wav
ha_230.wav
ha_231.wav
ha_232.wav
ha_233.wav
ha_234.wav
ha_235.wav
ha_236.wav
ha_237.wav
ha_238.wav
ha_239.wav
ha_24.wav
ha_240.wav
ha_241.wav
ha_242.wav
ha_243.wav
ha_33.wav
ha_330.wav
ha_331.wav
ha_245.wav
ha_246.wav
ha_247.wav
ha_248.wav
ha_249.wav
ha_25.wav
ha_250.wav
ha_251.wav
ha_252.wav
ha_253.wav
ha_254.wav
ha_255.wav
ha_256.wav
ha_257.wav
ha_258.wav
ha_259.wav
ha_26.wav
ha_260.wav
ha_261.wav
ha_281.wav
ha_282.wav
ha_283.wav
ha_284.wav
ha_285.wav
ha_286.wav
ha_287.wav
ha_289.wav
ha_29.wav
ha_290.wav
ha_291.wav
ha_292.wav
ha_293.wav
ha_294.wav
ha_295.wav
ha_296.wav
ha_297.wav
ha_298.wav
ha_334.wav
ha_335.wav
ha_34.wav
ha_35.wav
ha_36.wav
ha_37.wav
ha_38.wav
ha_39.wav
ha_4.wav
ha_40.wav
ha_41.wav
ha_42.wav
ha_43.wav
ha_44.wav
ha_45.wav
ha_46.wav
ha_47.wav
ha_48.wav
ha_325.wav
ha_326.wav
ha_327.wav
ha_328.wav
rock_1.wav
rock_10.wav
rock_101.wav
rock_102.wav
rock_103.wav
rock_104.wav
rock_105.wav
rock_106.wav
rock_107.wav
rock_108.wav
rock_109.wav
rock_11.wav
rock_110.wav
rock_111.wav
rock_112.wav
rock_113.wav
rock_114.wav
rock_270.wav
rock_271.wav
rock_272.wav
rock_273.wav
rock_274.wav
rock_275.wav
rock_276.wav
rock_277.wav
rock_278.wav
rock_279.wav
rock_28.wav
rock_280.wav
rock_281.wav
rock_282.wav
rock_283.wav
rock_284.wav
rock_285.wav
rock_45.wav
rock_46.wav
rock_47.wav
rock_48.wav
rock_49.wav
rock_50.wav
rock_51.wav
rock_52.wav
rock_53.wav
rock_54.wav
rock_55.wav
rock_56.wav
rock_57.wav
rock_58.wav
rock_59.wav
rock_6.wav
rock_60.wav
rock_61.wav
rock_63.wav
rock_64.wav
rock_65.wav
rock_66.wav
rock_67.wav
rock_68.wav
rock_69.wav
rock_7.wav
rock_70.wav
rock_71.wav
rock_72.wav
rock_73.wav
rock_74.wav
rock_75.wav
rock_76.wav
rock_77.wav
rock_78.wav
rock_79.wav
rock_8.wav
rock_81.wav
rock_83.wav
rock_84.wav
rock_85.wav
rock_86.wav
rock_87.wav
rock_88.wav
rock_89.wav
rock_9.wav
rock_90.wav
rock_91.wav
rock_92.wav
rock_93.wav
rock_94.wav
rock_95.wav
rock_96.wav
rock_97.wav
rock_98.wav
rock_99.wav
rock_116.wav
rock_117.wav
rock_119.wav
rock_12.wav
rock_120.wav
rock_121.wav
rock_122.wav
rock_123.wav
rock_124.wav
rock_125.wav
rock_126.wav
rock_127.wav
rock_128.wav
rock_129.wav
rock_13.wav
rock_130.wav
rock_115.wav
rock_131.wav
rock_148.wav
rock_164.wav
rock_180.wav
rock_197.wav
rock_213.wav
rock_23.wav
rock_246.wav
rock_27.wav
rock_286.wav
rock_302.wav
rock_319.wav
rock_44.wav
rock_62.wav
rock_80.wav
rock_132.wav
rock_133.wav
rock_134.wav
rock_135.wav
rock_136.wav
rock_137.wav
rock_138.wav
rock_139.wav
rock_14.wav
rock_140.wav
rock_141.wav
rock_142.wav
rock_143.wav
rock_145.wav
rock_146.wav
rock_147.wav
rock_149.wav
rock_15.wav
rock_150.wav
rock_152.wav
rock_153.wav
rock_154.wav
rock_155.wav
rock_156.wav
rock_157.wav
rock_158.wav
rock_159.wav
rock_16.wav
rock_160.wav
rock_161.wav
rock_162.wav
rock_163.wav
rock_165.wav
rock_166.wav
rock_167.wav
rock_168.wav
rock_169.wav
rock_17.wav
rock_170.wav
rock_171.wav
rock_172.wav
rock_173.wav
rock_174.wav
rock_175.wav
rock_176.wav
rock_177.wav
rock_178.wav
rock_179.wav
rock_18.wav
rock_181.wav
rock_182.wav
rock_183.wav
rock_184.wav
rock_185.wav
rock_186.wav
rock_187.wav
rock_188.wav
rock_189.wav
rock_190.wav
rock_191.wav
rock_192.wav
rock_193.wav
rock_194.wav
rock_195.wav
rock_198.wav
rock_199.wav
rock_2.wav
rock_20.wav
rock_200.wav
rock_201.wav
rock_202.wav
rock_203.wav
rock_204.wav
rock_205.wav
rock_206.wav
rock_207.wav
rock_208.wav
rock_209.wav
rock_21.wav
rock_210.wav
rock_211.wav
rock_212.wav
rock_214.wav
rock_215.wav
rock_216.wav
rock_217.wav
rock_218.wav
rock_22.wav
rock_220.wav
rock_221.wav
rock_222.wav
rock_223.wav
rock_224.wav
rock_225.wav
rock_226.wav
rock_227.wav
rock_228.wav
rock_229.wav
rock_230.wav
rock_231.wav
rock_232.wav
rock_233.wav
rock_234.wav
rock_235.wav
rock_236.wav
rock_237.wav
rock_238.wav
rock_239.wav
rock_24.wav
rock_240.wav
rock_242.wav
rock_243.wav
rock_244.wav
rock_245.wav
rock_247.wav
rock_248.wav
rock_249.wav
rock_25.wav
rock_250.wav
rock_251.wav
rock_252.wav
rock_253.wav
rock_254.wav
rock_255.wav
rock_256.wav
rock_257.wav
rock_258.wav
rock_259.wav
rock_26.wav
rock_260.wav
rock_261.wav
rock_262.wav
rock_263.wav
rock_264.wav
rock_265.wav
rock_266.wav
rock_267.wav
rock_268.wav
rock_269.wav
rock_287.wav
rock_288.wav
rock_289.wav
rock_29.wav
rock_290.wav
rock_291.wav
rock_292.wav
rock_293.wav
rock_294.wav
rock_296.wav
rock_297.wav
rock_298.wav
rock_299.wav
rock_3.wav
rock_30.wav
rock_300.wav
rock_301.wav
rock_303.wav
rock_304.wav
rock_305.wav
rock_306.wav
rock_307.wav
rock_308.wav
rock_309.wav
rock_31.wav
rock_310.wav
rock_311.wav
rock_312.wav
rock_314.wav
rock_315.wav
rock_316.wav
rock_317.wav
rock_318.wav
rock_32.wav
rock_320.wav
rock_321.wav
rock_322.wav
rock_323.wav
rock_324.wav
rock_325.wav
rock_326.wav
rock_327.wav
rock_328.wav
rock_329.wav
rock_33.wav
rock_330.wav
rock_331.wav
rock_332.wav
rock_34.wav
rock_35.wav
rock_36.wav
rock_37.wav
rock_39.wav
rock_4.wav
rock_40.wav
rock_41.wav
rock_42.wav
rock_43.wav
