classic_12.wav
classic_122.wav
classic_136.wav
classic_197.wav
classic_216.wav
classic_283.wav
classic_321.wav
classic_34.wav
classic_68.wav
classic_83.wav
classic_92.wav
ha_139.wav
ha_172.wav
ha_18.wav
ha_183.wav
ha_226.wav
ha_267.wav
ha_288.wav
ha_3.wav
ha_332.wav
ha_54.wav
ha_74.wav
rock_100.wav
rock_144.wav
rock_151.wav
rock_19.wav
rock_241.wav
rock_295.wav
rock_333.wav
rock_38.wav
rock_5.wav
rock_82.wav
rndy_d2st_bar_0_ha.wav
rndy_d2st_free_0_ha.wav
rndy_d2st_free_1_ha.wav
rndy_d4st_bar_0_ha.wav
rndy_d4st_free_1_ha.wav
rndy_d6st_bar_1_ha.wav
rndy_d6st_free_1_ha.wav
rndy_d4st_chair_0_ha.wav
rndy_d4st_chair_1_ha.wav
rndy_d4st_chair_2_ha.wav
rndy_d6st_chair_0_ha.wav
rndy_d6st_chair_1_ha.wav
rndy_d2st_bar_2_classic.wav
rndy_d2st_bar_3_classic.wav
rndy_d2st_free_2_classic.wav
rndy_d4st_free_2_classic.wav
rndy_d6st_bar_2_classic.wav
rndy_d6st_bar_3_classic.wav
rndy_d4st_chair_3_classic.wav
rndy_d4st_chair_4_classic.wav
rndy_d6st_chair_2_classic.wav
rndy_d6st_chair_3_classic.wav
rndy_d2st_free_3_rock.wav
rndy_d2st_free_4_rock.wav
rndy_d4st_bar_3_rock.wav
rndy_d4st_bar_4_rock.wav
rndy_d4st_free_4_rock.wav
rndy_d4st_free_5_rock.wav
rndy_d6st_bar_4_rock.wav
rndy_d6st_free_3_rock.wav
rndy_d4st_chair_5_rock.wav
rndy_d4st_chair_6_rock.wav
rndy_d6st_chair_5_rock.wav
